go-bootstrap: found go at /opt/homebrew/bin/go
go-bootstrap: installed Go 1.26.5 satisfies required 1.26.0

[1;38;2;255;0;0m✗ go-toolchain refused to run: its output is being piped into another command.[0m

You are running under Claude, where go-toolchain's FULL output must land in
your transcript so you actually read it — the "Coverage targets" list, the
total-coverage line, and any test or build failures. Capturing it instead —
a pipe (head/tail/grep/sed/awk/cat/tee/…), a `> file` or `>> file` redirect,
a `$(...)` capture, or `/dev/null` — truncates or hides exactly what matters.

Run go-toolchain on its own, with nothing after it, and read the whole thing:
    go-toolchain
